#
# There is insufficient memory for the Java Runtime Environment to continue.
# Native memory allocation (mmap) failed to map 100663296 bytes. Error detail: G1 virtual space
# Possible reasons:
#   The system is out of physical RAM or swap space
#   This process is running with CompressedOops enabled, and the Java Heap may be blocking the growth of the native heap
# Possible solutions:
#   Reduce memory load on the system
#   Increase physical memory or swap space
#   Check if swap backing store is full
#   Decrease Java heap size (-Xmx/-Xms)
#   Decrease number of Java threads
#   Decrease Java thread stack sizes (-Xss)
#   Set larger code cache with -XX:ReservedCodeCacheSize=
#   JVM is running with Unscaled Compressed Oops mode in which the Java heap is
#     placed in the first 4GB address space. The Java Heap base address is the
#     maximum limit for the native heap growth. Please use -XX:HeapBaseMinAddress
#     to set the Java Heap base and to place the Java Heap above 4GB virtual address.
# This output file may be truncated or incomplete.
#
#  Out of Memory Error (os_windows.cpp:3707), pid=10536, tid=2316
#
# JRE version:  (23.0.2+7) (build )
# Java VM: OpenJDK 64-Bit Server VM (23.0.2+7-58, mixed mode, sharing, tiered, compressed oops, compressed class ptrs, g1 gc, windows-amd64)
# No core dump will be written. Minidumps are not enabled by default on client versions of Windows
#

---------------  S U M M A R Y ------------

Command Line: 

Host: AMD Ryzen 3 3250U with Radeon Graphics         , 4 cores, 5G,  Windows 11 , 64 bit Build 22621 (10.0.22621.5262)
Time: Fri Oct 31 00:52:08 2025 SE Asia Standard Time elapsed time: 0.072336 seconds (0d 0h 0m 0s)

---------------  T H R E A D  ---------------

Current thread (0x00000241fdd397e0):  JavaThread "Unknown thread" [_thread_in_vm, id=2316, stack(0x000000d1c5500000,0x000000d1c5600000) (1024K)]

Stack: [0x000000d1c5500000,0x000000d1c5600000]
Native frames: (J=compiled Java code, j=interpreted, Vv=VM code, C=native code)
V  [jvm.dll+0x6e0b99]  (no source info available)
V  [jvm.dll+0x87e2b3]  (no source info available)
V  [jvm.dll+0x88073e]  (no source info available)
V  [jvm.dll+0x880e13]  (no source info available)
V  [jvm.dll+0x27b006]  (no source info available)
V  [jvm.dll+0x6dd485]  (no source info available)
V  [jvm.dll+0x6d127a]  (no source info available)
V  [jvm.dll+0x35b50a]  (no source info available)
V  [jvm.dll+0x363916]  (no source info available)
V  [jvm.dll+0x34fe7e]  (no source info available)
V  [jvm.dll+0x350118]  (no source info available)
V  [jvm.dll+0x328aec]  (no source info available)
V  [jvm.dll+0x32978e]  (no source info available)
V  [jvm.dll+0x8449a5]  (no source info available)
V  [jvm.dll+0x3b9a08]  (no source info available)
V  [jvm.dll+0x82d68c]  (no source info available)
V  [jvm.dll+0x454f2e]  (no source info available)
V  [jvm.dll+0x456db1]  (no source info available)
C  [jli.dll+0x52a3]  (no source info available)
C  [ucrtbase.dll+0x29333]  (no source info available)
C  [KERNEL32.DLL+0x1259d]  (no source info available)
C  [ntdll.dll+0x5af58]  (no source info available)

Lock stack of current Java thread (top to bottom):


---------------  P R O C E S S  ---------------

Threads class SMR info:
_java_thread_list=0x00007ffe258b4618, length=0, elements={
}

Java Threads: ( => current thread )
Total: 0

Other Threads:
  0x00000241fdd7fd60 WorkerThread "GC Thread#0"                     [id=12260, stack(0x000000d1c5600000,0x000000d1c5700000) (1024K)]
  0x00000241fdd8fb80 ConcurrentGCThread "G1 Main Marker"            [id=3988, stack(0x000000d1c5700000,0x000000d1c5800000) (1024K)]
  0x00000241fdd90840 WorkerThread "G1 Conc#0"                       [id=1976, stack(0x000000d1c5800000,0x000000d1c5900000) (1024K)]

[error occurred during error reporting (printing all threads), id 0xc0000005, EXCEPTION_ACCESS_VIOLATION (0xc0000005) at pc=0x00007ffe24ffc0da]
VM state: not at safepoint (not fully initialized)

VM Mutex/Monitor currently owned by a thread:  ([mutex/lock_event])
[0x00007ffe25934988] Heap_lock - owner thread: 0x00000241fdd397e0

Heap address: 0x00000000a0e00000, size: 1522 MB, Compressed Oops mode: 32-bit

CDS archive(s) mapped at: [0x0000000000000000-0x0000000000000000-0x0000000000000000), size 0, SharedBaseAddress: 0x0000000800000000, ArchiveRelocationMode: 1.
Narrow klass base: 0x0000000000000000, Narrow klass shift: 0, Narrow klass range: 0x0

GC Precious Log:
 CardTable entry size: 512
 Card Set container configuration: InlinePtr #cards 5 size 8 Array Of Cards #cards 10 size 36 Howl #buckets 4 coarsen threshold 1843 Howl Bitmap #cards 512 size 80 coarsen threshold 460 Card regions per heap region 1 cards per card region 2048

Heap:
 garbage-first heap   total reserved 1558528K, committed 0K, used 0K [0x00000000a0e00000, 0x0000000100000000)
  region size 1024K, 0 young (0K), 0 survivors (0K)

[error occurred during error reporting (printing heap information), id 0xc0000005, EXCEPTION_ACCESS_VIOLATION (0xc0000005) at pc=0x00007ffe253fc6a9]
GC Heap History (0 events):
No events

Dll operation events (1 events):
Event: 0.063 Loaded shared library C:\Users\USER\.jdks\openjdk-23.0.2\bin\java.dll

Deoptimization events (0 events):
No events

Classes loaded (0 events):
No events

Classes unloaded (0 events):
No events

Classes redefined (0 events):
No events

Internal exceptions (0 events):
No events

VM Operations (0 events):
No events

Memory protections (0 events):
No events

Nmethod flushes (0 events):
No events

Events (0 events):
No events


Dynamic libraries:
0x00007ff673730000 - 0x00007ff67373e000 	C:\Users\USER\.jdks\openjdk-23.0.2\bin\java.exe
0x00007ffe7d5f0000 - 0x00007ffe7d807000 	C:\WINDOWS\SYSTEM32\ntdll.dll
0x00007ffe7c2f0000 - 0x00007ffe7c3b4000 	C:\WINDOWS\System32\KERNEL32.DLL
0x00007ffe7ac20000 - 0x00007ffe7aff3000 	C:\WINDOWS\System32\KERNELBASE.dll
0x00007ffe7aad0000 - 0x00007ffe7abe1000 	C:\WINDOWS\System32\ucrtbase.dll
0x00007ffe73000000 - 0x00007ffe7301b000 	C:\Users\USER\.jdks\openjdk-23.0.2\bin\VCRUNTIME140.dll
0x00007ffe73020000 - 0x00007ffe73037000 	C:\Users\USER\.jdks\openjdk-23.0.2\bin\jli.dll
0x00007ffe7d370000 - 0x00007ffe7d521000 	C:\WINDOWS\System32\USER32.dll
0x00007ffe6ba70000 - 0x00007ffe6bd0b000 	C:\WINDOWS\WinSxS\amd64_microsoft.windows.common-controls_6595b64144ccf1df_6.0.22621.5262_none_2712bde373830908\COMCTL32.dll
0x00007ffe7b120000 - 0x00007ffe7b146000 	C:\WINDOWS\System32\win32u.dll
0x00007ffe7b280000 - 0x00007ffe7b2a9000 	C:\WINDOWS\System32\GDI32.dll
0x00007ffe7b150000 - 0x00007ffe7b272000 	C:\WINDOWS\System32\gdi32full.dll
0x00007ffe7b080000 - 0x00007ffe7b11a000 	C:\WINDOWS\System32\msvcp_win.dll
0x00007ffe7cf80000 - 0x00007ffe7d027000 	C:\WINDOWS\System32\msvcrt.dll
0x00007ffe7d080000 - 0x00007ffe7d0b1000 	C:\WINDOWS\System32\IMM32.DLL
0x00007ffe76250000 - 0x00007ffe7625c000 	C:\Users\USER\.jdks\openjdk-23.0.2\bin\vcruntime140_1.dll
0x00007ffe6a860000 - 0x00007ffe6a8ee000 	C:\Users\USER\.jdks\openjdk-23.0.2\bin\msvcp140.dll
0x00007ffe24cc0000 - 0x00007ffe25a10000 	C:\Users\USER\.jdks\openjdk-23.0.2\bin\server\jvm.dll
0x00007ffe7b360000 - 0x00007ffe7b411000 	C:\WINDOWS\System32\ADVAPI32.dll
0x00007ffe7b2b0000 - 0x00007ffe7b357000 	C:\WINDOWS\System32\sechost.dll
0x00007ffe7abf0000 - 0x00007ffe7ac18000 	C:\WINDOWS\System32\bcrypt.dll
0x00007ffe7b460000 - 0x00007ffe7b574000 	C:\WINDOWS\System32\RPCRT4.dll
0x00007ffe7d530000 - 0x00007ffe7d5a1000 	C:\WINDOWS\System32\WS2_32.dll
0x00007ffe7a5b0000 - 0x00007ffe7a5fd000 	C:\WINDOWS\SYSTEM32\POWRPROF.dll
0x00007ffe76980000 - 0x00007ffe769b4000 	C:\WINDOWS\SYSTEM32\WINMM.dll
0x00007ffe732e0000 - 0x00007ffe732ea000 	C:\WINDOWS\SYSTEM32\VERSION.dll
0x00007ffe7a590000 - 0x00007ffe7a5a3000 	C:\WINDOWS\SYSTEM32\UMPDC.dll
0x00007ffe796f0000 - 0x00007ffe79708000 	C:\WINDOWS\SYSTEM32\kernel.appcore.dll
0x00007ffe74710000 - 0x00007ffe7471a000 	C:\Users\USER\.jdks\openjdk-23.0.2\bin\jimage.dll
0x00007ffe73b40000 - 0x00007ffe73d72000 	C:\WINDOWS\SYSTEM32\DBGHELP.DLL
0x00007ffe7c9b0000 - 0x00007ffe7cd43000 	C:\WINDOWS\System32\combase.dll
0x00007ffe7be20000 - 0x00007ffe7bef7000 	C:\WINDOWS\System32\OLEAUT32.dll
0x00007ffe5be00000 - 0x00007ffe5be32000 	C:\WINDOWS\SYSTEM32\dbgcore.DLL
0x00007ffe7b000000 - 0x00007ffe7b07b000 	C:\WINDOWS\System32\bcryptPrimitives.dll
0x00007ffe72ed0000 - 0x00007ffe72eee000 	C:\Users\USER\.jdks\openjdk-23.0.2\bin\java.dll
0x00007ffe7d130000 - 0x00007ffe7d2d1000 	C:\WINDOWS\System32\ole32.dll
0x00007ffe7b580000 - 0x00007ffe7be1d000 	C:\WINDOWS\System32\SHELL32.dll
0x00007ffe7a910000 - 0x00007ffe7aa4f000 	C:\WINDOWS\System32\wintypes.dll

dbghelp: loaded successfully - version: 4.0.5 - missing functions: none
symbol engine: initialized successfully - sym options: 0x614 - pdb path: .;C:\Users\USER\.jdks\openjdk-23.0.2\bin;C:\WINDOWS\SYSTEM32;C:\WINDOWS\WinSxS\amd64_microsoft.windows.common-controls_6595b64144ccf1df_6.0.22621.5262_none_2712bde373830908;C:\Users\USER\.jdks\openjdk-23.0.2\bin\server

VM Arguments:
java_command: <unknown>
java_class_path (initial): <not set>
Launcher Type: SUN_STANDARD

[Global flags]
     intx CICompilerCount                          = 3                                         {product} {ergonomic}
     uint ConcGCThreads                            = 1                                         {product} {ergonomic}
     uint G1ConcRefinementThreads                  = 4                                         {product} {ergonomic}
   size_t G1HeapRegionSize                         = 1048576                                   {product} {ergonomic}
   size_t InitialHeapSize                          = 100663296                                 {product} {ergonomic}
   size_t MarkStackSize                            = 4194304                                   {product} {ergonomic}
   size_t MarkStackSizeMax                         = 536870912                                 {product} {ergonomic}
   size_t MaxHeapSize                              = 1595932672                                {product} {ergonomic}
   size_t MinHeapDeltaBytes                        = 1048576                                   {product} {ergonomic}
   size_t MinHeapSize                              = 8388608                                   {product} {ergonomic}
    uintx NonNMethodCodeHeapSize                   = 5832704                                {pd product} {ergonomic}
    uintx NonProfiledCodeHeapSize                  = 122945536                              {pd product} {ergonomic}
    uintx ProfiledCodeHeapSize                     = 122880000                              {pd product} {ergonomic}
    uintx ReservedCodeCacheSize                    = 251658240                              {pd product} {ergonomic}
     bool SegmentedCodeCache                       = true                                      {product} {ergonomic}
   size_t SoftMaxHeapSize                          = 1595932672                             {manageable} {ergonomic}
     bool UseCompressedOops                        = true                           {product lp64_product} {ergonomic}
     bool UseG1GC                                  = true                                      {product} {ergonomic}
     bool UseLargePagesIndividualAllocation        = false                                  {pd product} {ergonomic}

Logging:
Log output configuration:
 #0: stdout all=warning uptime,level,tags foldmultilines=false
 #1: stderr all=off uptime,level,tags foldmultilines=false

Environment Variables:
PATH=C:\Program Files (x86)\Falcon\MinGW\bin;C:\Program Files (x86)\Common Files\Intel\Shared Files\cpp\bin\Intel64;C:\WINDOWS\system32;C:\WINDOWS;C:\WINDOWS\System32\Wbem;C:\WINDOWS\System32\WindowsPowerShell\v1.0\;C:\WINDOWS\System32\OpenSSH\;C:\Program Files (x86)\Git\cmd;C:\Users\USER\AppData\Local\Microsoft\WindowsApps;D:\intel\IntelliJ IDEA Community Edition 2024.3.3\bin;
USERNAME=USER
OS=Windows_NT
PROCESSOR_IDENTIFIER=AMD64 Family 23 Model 24 Stepping 1, AuthenticAMD
TMP=C:\Users\USER\AppData\Local\Temp
TEMP=C:\Users\USER\AppData\Local\Temp




Periodic native trim disabled

---------------  S Y S T E M  ---------------

OS:
 Windows 11 , 64 bit Build 22621 (10.0.22621.5262)
OS uptime: 3 days 12:09 hours
Hyper-V role detected

CPU: total 4 (initial active 4) (4 cores per cpu, 2 threads per core) family 23 model 24 stepping 1 microcode 0x0, cx8, cmov, fxsr, ht, mmx, 3dnowpref, sse, sse2, sse3, ssse3, sse4a, sse4.1, sse4.2, popcnt, lzcnt, tsc, tscinvbit, avx, avx2, aes, clmul, bmi1, bmi2, adx, sha, fma, vzeroupper, clflush, clflushopt, hv, rdtscp, f16c
Processor Information for the first 4 processors :
  Max Mhz: 2600, Current Mhz: 2600, Mhz Limit: 2600

Memory: 4k page, system-wide physical 6081M (508M free)
TotalPageFile size 10415M (AvailPageFile size 102M)
current process WorkingSet (physical memory assigned to process): 12M, peak: 12M
current process commit charge ("private bytes"): 52M, peak: 148M

vm_info: OpenJDK 64-Bit Server VM (23.0.2+7-58) for windows-amd64 JRE (23.0.2+7-58), built on 2024-11-29T09:34:55Z with MS VC++ 17.6 (VS2022)

END.
